[33mΓ¥»[39m Building...
[32mΓ£ö[39m Building...
Application bundle generation failed. [12.845 seconds] - 2026-03-18T14:45:13.869Z

node.exe : 
[1m[31m[31mX [41;31
m[[41;97mERROR[41;31m
][0m [1mNG2008: 
Could not find 
stylesheet file './app.
component.css'.[0m 
[1m[35m[plugin 
angular-compiler][0m
At C:\Users\Hemil Gandh
i\AppData\Roaming\npm\n
g.ps1:24 char:5
+     & "node$exe"  "$b
asedir/node_modules/@an
gular/cli/bin/ng.js" 
$arg ...
+     ~~~~~~~~~~~~~~~~~
~~~~~~~~~~~~~~~~~~~~~~~
~~~~~~~~~~~~~~~~~~~~~~~
~~
    + CategoryInfo     
         : NotSpecifi  
  ed: ([1m[31m[31   
 mX...r-compiler][    
0m:String) [], Rem    
oteException
    + FullyQualifiedEr 
   rorId : NativeComm  
  andError
 

    src/app/app.compone
nt.ts:11:12:
[37m      11 Γöé   
styleUrl: [32m'./app.c
omponent.css'[37m
         Γò╡           
  [32m~~~~~~~~~~~~~~~~
~~~~~[0m


[31mX [41;31m[[41;97
mERROR[41;31m][0m 
[1mTS7006: Parameter 
'text' implicitly has 
an 'any' type.[0m 
[1m[35m[plugin 
angular-compiler][0m

    src/app/pages/compr
ess/compress.component.
ts:53:35:
[37m      53 Γöé      
       err.error.text()
.then(([32mtext[37m) 
=> {
         Γò╡           
                       
  [32m~~~~[0m


[31mX [41;31m[[41;97
mERROR[41;31m][0m 
[1mTS7006: Parameter 
'text' implicitly has 
an 'any' type.[0m 
[1m[35m[plugin 
angular-compiler][0m

    src/app/pages/edit/
edit.component.ts:60:35
:
[37m      60 Γöé      
       err.error.text()
.then(([32mtext[37m) 
=> {
         Γò╡           
                       
  [32m~~~~[0m


[31mX [41;31m[[41;97
mERROR[41;31m][0m 
[1mTS2339: Property 
'Object' does not 
exist on type 'HistoryC
omponent'.[0m 
[1m[35m[plugin 
angular-compiler][0m

    src/app/pages/histo
ry/history.component.ht
ml:29:36:
[37m      29 Γöé ...  
   {{ 
stats.byOperation ? ([
32mObject[37m.keys(sta
ts.byOperation).sor...
         Γò╡           
                      
[32m~~~~~~[0m

  Error occurs in the 
template of component 
HistoryComponent.

    src/app/pages/histo
ry/history.component.ts
:23:15:
[37m      23 Γöé   
templateUrl: [32m'./hi
story.component.html'[
37m,
         Γò╡           
     [32m~~~~~~~~~~~~~
~~~~~~~~~~~~~[0m


[31mX [41;31m[[41;97
mERROR[41;31m][0m 
[1mTS7006: Parameter 
'text' implicitly has 
an 'any' type.[0m 
[1m[35m[plugin 
angular-compiler][0m

    src/app/pages/merge
/merge.component.ts:45:
35:
[37m      45 Γöé      
       err.error.text()
.then(([32mtext[37m) 
=> {
         Γò╡           
                       
  [32m~~~~[0m


[31mX [41;31m[[41;97
mERROR[41;31m][0m 
[1mTS7006: Parameter 
'text' implicitly has 
an 'any' type.[0m 
[1m[35m[plugin 
angular-compiler][0m

    src/app/pages/organ
ize/organize.component.
ts:61:35:
[37m      61 Γöé      
       err.error.text()
.then(([32mtext[37m) 
=> {
         Γò╡           
                       
  [32m~~~~[0m


[31mX [41;31m[[41;97
mERROR[41;31m][0m 
[1mTS7006: Parameter 
'text' implicitly has 
an 'any' type.[0m 
[1m[35m[plugin 
angular-compiler][0m

    src/app/pages/prote
ct/protect.component.ts
:47:35:
[37m      47 Γöé      
       err.error.text()
.then(([32mtext[37m) 
=> {
         Γò╡           
                       
  [32m~~~~[0m


[31mX [41;31m[[41;97
mERROR[41;31m][0m 
[1mTS7006: Parameter 
'text' implicitly has 
an 'any' type.[0m 
[1m[35m[plugin 
angular-compiler][0m

    src/app/pages/split
/split.component.ts:56:
35:
[37m      56 Γöé      
       err.error.text()
.then(([32mtext[37m) 
=> {
         Γò╡           
                       
  [32m~~~~[0m


[31mX [41;31m[[41;97
mERROR[41;31m][0m 
[1mTS7006: Parameter 
'text' implicitly has 
an 'any' type.[0m 
[1m[35m[plugin 
angular-compiler][0m

    src/app/pages/trans
late/translate.componen
t.ts:61:35:
[37m      61 Γöé      
       err.error.text()
.then(([32mtext[37m) 
=> {
         Γò╡           
                       
  [32m~~~~[0m


[31mX [41;31m[[41;97
mERROR[41;31m][0m 
[1mTS7006: Parameter 
'text' implicitly has 
an 'any' type.[0m 
[1m[35m[plugin 
angular-compiler][0m

    src/app/pages/water
mark/watermark.componen
t.ts:49:35:
[37m      49 Γöé      
       err.error.text()
.then(([32mtext[37m) 
=> {
         Γò╡           
                       
  [32m~~~~[0m

[39m[22m
